<?xml version="1.0" encoding="utf-8"?><testsuite errors="1" failures="0" name="pytest" skips="0" tests="1" time="0.111"><testcase classname="" file="resources/features/steps/apportionment_steps.py" name="resources.features.steps.apportionment_steps" time="0"><error message="collection failure">ImportError while importing test module &apos;/Users/harrih/Git/registers-sml/resources/features/steps/apportionment_steps.py&apos;.
Hint: make sure your test modules/packages have valid Python names.
Traceback:
resources/features/steps/apportionment_steps.py:1: in &lt;module&gt;
    from behave import Given, When, Then
E   ModuleNotFoundError: No module named &apos;behave&apos;</error></testcase></testsuite>